[www.tottus.com.pe/index.html]
[backblue.gif]
[fade.gif]
[index.html]
[www.tottus.com.pe/static/images/products/cmr-tag.svg]
[www.tottus.com.pe/static/images/products/cmr-unica.svg]
[www.tottus.com.pe/static/images/checkout/cards/unica-cmr.svg]
[www.tottus.com.pe/static/images/products/cmr-imbatible.svg]
[www.tottus.com.pe/_next/static/css/styles.34877e0a.chunk.css]
[www.tottus.com.pe/_next/static/css/511ec90e6dcc82c330ea978564690f2ec52efcc1_CSS.5e62ac22.chunk.css]
[www.tottus.com.pe/_next/static/myyQvbTFd-wbSLJMF2LAf/pages/_app.js]
[www.tottus.com.pe/_next/static/myyQvbTFd-wbSLJMF2LAf/pages/default.js]
[www.tottus.com.pe/_next/static/chunks/85.28cf3323a532962964fb.js]
[www.tottus.com.pe/_next/static/runtime/webpack-b2d1260fa33d06d9b127.js]
[www.tottus.com.pe/_next/static/chunks/framework.9ac3a336272f884e7edc.js]
[www.tottus.com.pe/_next/static/chunks/0f1ac474.50fecea568178670900e.js]
[www.tottus.com.pe/_next/static/chunks/b637e9a5.932d2533fde926d0dade.js]
[www.tottus.com.pe/_next/static/chunks/commons.24ecc789106138ab50a0.js]
[www.tottus.com.pe/_next/static/chunks/d6646e41a71a8f4f3b972ff9092e61ade5762595.764847da62f11deff91b.js]
[www.tottus.com.pe/_next/static/chunks/b72a8b8eeb36ad1c576d0b43fb5a6231f07ca005.c13ff4a24bb1068b86c2.js]
[www.tottus.com.pe/_next/static/chunks/88e971fd3c9f2fe409c1857be91b2a2903566504.a3aa6bc67dd5127d06db.js]
[www.tottus.com.pe/_next/static/chunks/8f4a1d1056ab141744ab25607048dd4d12a635aa.777b13eda1f91a42a51c.js]
[www.tottus.com.pe/_next/static/chunks/d6c1e91dbc1cc6ab5be6aa7e6aa69f5f143a7bf6.9c2a0de60dec6f77f306.js]
[www.tottus.com.pe/_next/static/chunks/6851ff107ea7f092562d7219e77a51544788f40b.ee20f7f41c9b07471ca0.js]
[www.tottus.com.pe/_next/static/chunks/styles.f31da7b39abdcd9c50d1.js]
[www.tottus.com.pe/_next/static/runtime/main-a378540a78f5a50161ca.js]
[www.tottus.com.pe/_next/static/chunks/29107295.c26f2d38cc52b1950162.js]
[www.tottus.com.pe/_next/static/chunks/3692613c48dde085f05ddb38250e06041e9cd41b.c9500c373c9e0583826f.js]
[www.tottus.com.pe/_next/static/chunks/1331c5ab6d47932d6facdc9e70dab5f8af62d4a2.3cb08636ad99d9e019c9.js]
[www.tottus.com.pe/_next/static/chunks/215f18b579afb23564d9563a1d7897c102679ccd.a70e6a7cf69ddc04f2d1.js]
[www.tottus.com.pe/_next/static/chunks/13.a48ef741eeda228d5d98.js]
[www.tottus.com.pe/_next/static/chunks/26200fb4e9f4e6e811fd8c499b021923252e81b7.07a37c2b3e0451eedeaa.js]
[www.tottus.com.pe/_next/static/chunks/511ec90e6dcc82c330ea978564690f2ec52efcc1.3072ed59e4418e18911a.js]
[www.tottus.com.pe/_next/static/chunks/511ec90e6dcc82c330ea978564690f2ec52efcc1_CSS.afd2d8f4015a50040cc7.js]
[www.tottus.com.pe/_next/static/chunks/5a716087481dd64f8ca58c30856d8917de21a3c2.00b135248167ae053896.js]
[www.tottus.com.pe/_next/static/chunks/fd33940048e0b9c8c50ef3e843eb54e98987b985.4620171112a3206554cd.js]
[www.tottus.com.pe/_next/static/chunks/7040894f7c00dab975b638218a31a97fef70ceca.3e122e9c70ebb7dd6580.js]
[www.tottus.com.pe/_next/static/chunks/51fdeb511ec41e365297e423ae06a2891643b0ad.b5f69c32ce4a847c227d.js]
[www.tottus.com.pe/_next/static/chunks/df854b353aa1466c93fccea4b5eb76e5ea2de19a.738f2bf1926b312b871b.js]
[www.tottus.com.pe/_next/static/chunks/c2f3167b69f5396bd1540ab0e00185043f0e8864.d37df5a608e1780a87de.js]
[www.tottus.com.pe/static/images/header/cart_user_nonempty.svg]
[www.tottus.com.pe/static/images/footer/dropdown.svg]
[www.tottus.com.pe/static/images/right-green.svg]
[www.tottus.com.pe/static/images/menu/close.svg]
[www.tottus.com.pe/static/images/menu/back.svg]
[www.tottus.com.pe/static/images/menu/phone.svg]
[www.tottus.com.pe/static/images/menu/store.svg]
[www.tottus.com.pe/tiendas-cercanas.html]
[www.tottus.com.pe/preguntas-frecuentes.html]
[www.tottus.com.pe/static/images/menu/help.svg]
[www.tottus.com.pe/static/images/right.svg]
[www.tottus.com.pe/static/images/search-white.svg]
[www.tottus.com.pe/static/images/spinner-green.svg]
[www.tottus.com.pe/static/images/header/header_cart.png]
[www.tottus.com.pe/static/images/cart/empty-cart.svg]
[www.tottus.com.pe/catalogos.html]
[images.ctfassets.net/dfhnfm93fvnr/6nrK77DEXyamvgizKgKz3D/b239651a0797c9c299e15ce0f10b5d3a/TT_PRECIAZOS_BB_DESK_LICORES_03.11fa26.jpg]
[images.ctfassets.net/dfhnfm93fvnr/5etuif8f3LU4KEIWOOfmAC/6e8d91c15f9baf14d3a83789e363af42/DESK_BIG_BANNER_BEB__Sfa26.jpg]
[assets.ctfassets.net/dfhnfm93fvnr/EgLZ2wfmsgAt0Liu1RmxF/3c56b5bd4e30c8790fb110912fd904be/content_updated_20210817.css]
[images.ctfassets.net/dfhnfm93fvnr/36zIekTp9eA4JPfZAXm5GO/e5c7882966d02c99f3c6689892b4830f/BB-DESK-PRECIAZOS-NAVIDAD-ADORNOS-03fa26.jpg]
[www.tottus.com.pe/corona-cerveza-corona-extra-lata-355ml-x-6und-42502055/p/index.html]
[images.ctfassets.net/dfhnfm93fvnr/49qPBZSjbJFpHU8u7nhdqk/38727d1335c59e6058c6965bf4f6293d/TT_PRECIAZO_BB_DESK_JUGUETES_03.11fa26.jpg]
[www.tottus.com.pe/corona-cerveza-207-ml-40619680/p/index.html]
[www.tottus.com.pe/huggiescontent/c/index0e98.html]
[images.ctfassets.net/dfhnfm93fvnr/3xdV2fR9GrxdmAh43lEYtz/9da252e35606b39191aebe7ac09c392d/TT_PRECIAZOS_BB_DESK_TV_03.11fa26.jpg]
[images.ctfassets.net/dfhnfm93fvnr/6u66hGHaiEYkjdRDr5Dp8S/5b603c65d2473f1ba506bb5c8d1c809b/BB-DESK-FAZIL-03fa26.jpg]
[www.tottus.com.pe/shampoo-huggies1/c/index0e98.html]
[www.tottus.com.pe/buscar3ea9.html]
[images.ctfassets.net/dfhnfm93fvnr/6MMjxMyFHzNSAz3YcZTsnY/6e554a222b809413f3d6870a6dca166c/TT_SUPDEAL_DESK_1200x690_1fa26.png]
[images.ctfassets.net/dfhnfm93fvnr/6nHzYN9PNPdqD31o806owK/5047cb10ebc864fd9e8c9cb22d9d4155/TT_SUPDEAL_DESK_1200x690_2fa26.png]
[www.tottus.com.pe/todo-arbol-navw/c/index0e98.html]
[www.tottus.com.pe/autos-pistas-5010014/c/index0e98.html]
[www.tottus.com.pe/televisores-5010024/c/index0e98.html]
[images.ctfassets.net/dfhnfm93fvnr/2wu0WOtFL6FdOnOytN8t09/19b08dae4901e12a7c10d4e1a5479321/TT_SUPDEAL_DESK_1200x690_3fa26.png]
[www.tottus.com.pe/medicasp-medicasp-sh-1-400ml-42816456/p/index.html]
[www.tottus.com.pe/florida-florida-filete-atun-agua-110k-12pack-150gr-42859523/p/index.html]
[www.tottus.com.pe/carnes-parrilleras23/c/index0e98.html]
[images.ctfassets.net/dfhnfm93fvnr/3nC91M3jhJiN2LWdHYRL4x/c403f80f0b262df555da50e2c92f7a55/DESTACADO_CHICO_ABARROTES_TOTTUS1ba5.jpg]
[images.ctfassets.net/dfhnfm93fvnr/53qXqMai9gdVZRHKZK4ARq/0cb1ebdf73c3c30129304dde0fec50ac/DESTACADO_CHICO_ABARROTES_SCHICK1ba5.jpg]
[www.tottus.com.pe/buscar1e57.html]
[images.ctfassets.net/dfhnfm93fvnr/3QEyAxvQiFrkVEFM4fdYYV/9e372b413af406b453043269e8e501c6/DESTACADO_CHICO_ABARROTES_COCA_COLA1ba5.jpg]
[images.ctfassets.net/dfhnfm93fvnr/19YQBEFq8yATRQPjmetDFu/ee1dc153900a7a456069826d47a25ba8/DESTACADO_CHICO_ABARROTES_AYUDIN1ba5.jpg]
[images.ctfassets.net/dfhnfm93fvnr/364jkkR8IEAHbQ9CjFJS6b/bbc22b6b46a9af9860b172803c27a1a9/TT_DC_TV_31.10_08fa26.jpg]
[images.ctfassets.net/dfhnfm93fvnr/1FGizgMziK5HVy2qr6TQ06/c8a754eecdf180835392eb5be0bad3de/TT_DC_TV_31.10_03fa26.jpg]
[www.tottus.com.pe/schick23/c/index0e98.html]
[www.tottus.com.pe/ayudin-detergente-liquido-ayudin-limon-41441088/p/index.html]
[www.tottus.com.pe/buscar93b8.html]
[images.ctfassets.net/dfhnfm93fvnr/1SVokjNlrQ2ajxb2BI4Cwk/fcdebb4d893648cbbe9c510cdb43e031/TT_DC_TV_31.10_05fa26.jpg]
[images.ctfassets.net/dfhnfm93fvnr/6VlUSiuj8uS0uxxwEpQByZ/53c7160925aa010944f47c56c9e96162/DESTACADO_GRANDE_MENAJE_CASA_JOVENfa26.jpg]
[www.tottus.com.pe/samsung-galaxy-a23-128gb-4gb-negro-42736954/p/index.html]
[www.tottus.com.pe/casa-joven-juego-de-ollas-x-12-piezas-de-acero-inoxidable-41618837/p/index.html]
[www.tottus.com.pe/laptops-5010225/c/index0e98.html]
[images.ctfassets.net/dfhnfm93fvnr/6JnUsD1U1X8G6AGim3aUfc/9e6b3f93c5932bb21650e8d18a6b4555/DESTACADO_CHICO_MENAJE_CASA_JOVENfa26.jpg]
[images.ctfassets.net/dfhnfm93fvnr/1MsYIwgZJAeQAv1qJvsjwW/5a3f11ad860514c059f08e1581479135/DESTACADO_CHICO_MENAJE_CHEROKEEfa26.jpg]
[images.ctfassets.net/dfhnfm93fvnr/73mTcOcNFd2lKOpH4nVef4/1f72c107114c48f2f1acdfe97c764e21/Sin-t__tulo-1_05fa26.jpg]
[images.ctfassets.net/dfhnfm93fvnr/4eZbTVF2Q65CuHk5Nmv15p/6a0fb80552bf2ce8501aea37cb12a7fd/Sin-t__tulo-1_05fa26.png]
[www.tottus.com.pe/buscara4ab.html]
[images.ctfassets.net/dfhnfm93fvnr/15iOFPoDsqug84clxmoEjd/6462e05847e6ac78e4ce7444c3b050c0/DESTACADO-REGULAR-PRECIAZOS-LB-31_08fa26.png]
[www.tottus.com.pe/buscar84a1.html]
[images.ctfassets.net/dfhnfm93fvnr/5ib6MhGN6HCavafPfa3PJo/5bf2f9116b91a407e05525f0a2a6e543/TT_PRECIAZOS_DC_ADORNOS-NAVIDAD_31.10_06fa26.jpg]
[www.tottus.com.pe/samsung-lavadora-13-kg-inverter-negra-42668698/p/index.html]
[images.ctfassets.net/dfhnfm93fvnr/4v3T7D62f5aKZXUFX9SjVL/a69b95565484577f6348f52f7915256d/TT_PRECIAZOS_DC_ADORNOS-NAVIDAD_31.10_08fa26.jpg]
[www.tottus.com.pe/marcas-destacadas-5010023/c/indexf8cf.html]
[images.ctfassets.net/dfhnfm93fvnr/75KSTOwpGYgmI1M9HNGDdN/0fd07254b2316399971b0a0aff32e14b/TT_PRECIAZOS_DC_ADORNOS-NAVIDAD_31.10_03fa26.jpg]
[www.tottus.com.pe/samsung-microondas-32l-black-edition---ms32j5133ag-41696411/p/index.html]
[images.ctfassets.net/dfhnfm93fvnr/3n2yxBtjnOJsq02O2n2tsI/8bb91d302e723ef6de725846f38c8775/TT_PRECIAZOS_DC-CHICOS_ADORNOS-NAVIDAD_31_09fa26.jpg]
[www.tottus.com.pe/decoracion-navw/c/indexe1e7.html]
[www.tottus.com.pe/decoracion-navw/c/indexd507.html]
[www.tottus.com.pe/compra-segura.html]
[www.tottus.com.pe/adornos-navw/c/index0e98.html]
[www.tottus.com.pe/politicas-privacidad.html]
[www.tottus.com.pe/politicas-cookies.html]
[www.tottus.com.pe/terminos-condiciones.html]
[www.tottus.com.pe/legales.html]
[www.tottus.com.pe/quienes-somos.html]
[www.tottus.com.pe/menaje-navw/c/index0e98.html]
[www.tottus.com.pe/venta-empresa.html]
[www.tottus.com.pe/responde-nuestra-encuesta.html]
[www.tottus.com.pe/bases-encuesta.html]
[www.tottus.com.pe/ganadores.html]
[www.tottus.com.pe/cyber-wow.html]
[www.tottus.com.pe/medida-cautelar-indecopi-panetones.html]
[www.tottus.com.pe/medida-cautelar-indecopi-helados.html]
[www.tottus.com.pe/static/images/footer/phone.svg]
[www.tottus.com.pe/static/images/footer/whatsapp.svg]
[www.tottus.com.pe/static/images/libro-de-reclamaciones.png]
[www.tottus.com.pe/libro-de-reclamaciones.html]
[images.ctfassets.net/3l9pjbe21mqv/5lrPnksCowx3qWNgObQlMr/ba0921790212199901100460ecb0f3c1/amex-card_v3.jpg]
[www.tottus.com.pe/static/images/footer/cmr-card.svg]
[www.tottus.com.pe/static/images/footer/visa-card.jpg]
[www.tottus.com.pe/static/images/footer/master-card.svg]
[images.ctfassets.net/3l9pjbe21mqv/31BqiPi7Zi4FqX8cFHaC1V/461dd3f41e6e1a291acf778ed4b48138/logo-fpay-1.png]
[www.tottus.com.pe/static/images/footer/social-facebook.svg]
[www.tottus.com.pe/static/images/footer/social-twitter.svg]
[www.tottus.com.pe/static/images/footer/social-youtube.svg]
[www.tottus.com.pe/static/images/footer/social-instagram.svg]
[www.tottus.com.pe/_next/static/runtime/polyfills-a2e563a73bfe669ba152.js]
[www.tottus.com.pe/_next/static/myyQvbTFd-wbSLJMF2LAf/_buildManifest.js]
[www.tottus.com.pe/_next/static/myyQvbTFd-wbSLJMF2LAf/_ssgManifest.js]
[www.tottus.com.pe/index.html]
[www.tottus.com.pe/static/images/products/cmr-tag.svg]
[www.tottus.com.pe/static/images/products/cmr-unica.svg]
[www.tottus.com.pe/static/images/checkout/cards/unica-cmr.svg]
[www.tottus.com.pe/static/images/products/cmr-imbatible.svg]
[www.tottus.com.pe/cdn-cgi/challenge-platform/h/g/scripts/alpha/invisible5615.js]
[www.tottus.com.pe/static/fonts/MetropolisFixBlack.woff2]
[www.tottus.com.pe/static/fonts/MetropolisFixBlack.woff]
[www.tottus.com.pe/static/fonts/MetropolisFixRegular.woff2]
[www.tottus.com.pe/static/fonts/MetropolisFixRegular.woff]
[www.tottus.com.pe/static/fonts/MetropolisFixBold.woff2]
[www.tottus.com.pe/static/fonts/MetropolisFixBold.woff]
[www.tottus.com.pe/static/fonts/MetropolisFixSemiBold.woff2]
[www.tottus.com.pe/static/fonts/MetropolisFixSemiBold.woff]
[www.tottus.com.pe/static/fonts/Lato/Lato-Bold.ttf]
[www.tottus.com.pe/static/fonts/Lato/Lato-BoldItalic.ttf]
[www.tottus.com.pe/static/fonts/Lato/Lato-Regular.ttf]
[www.tottus.com.pe/static/fonts/Lato/Lato-Light.ttf]
[www.tottus.com.pe/_next/static/css/styles.34877e0a.chunk.css]
[www.tottus.com.pe/_next/static/css/511ec90e6dcc82c330ea978564690f2ec52efcc1_CSS.5e62ac22.chunk.css]
[www.tottus.com.pe/static/images/header/cart_user_nonempty.svg]
[www.tottus.com.pe/static/images/footer/dropdown.svg]
[www.tottus.com.pe/static/images/right-green.svg]
[www.tottus.com.pe/static/images/menu/close.svg]
[www.tottus.com.pe/static/images/menu/back.svg]
[www.tottus.com.pe/static/images/menu/phone.svg]
[www.tottus.com.pe/static/fonts/Lato/Lato-LightItalic.ttf]
[www.tottus.com.pe/_next/static/myyQvbTFd-wbSLJMF2LAf/pages/storelocation.js]
[maps.gstatic.com/mapfiles/api-3/images/autocomplete-icons.png]
[www.tottus.com.pe/static/images/find-store.svg]
[www.tottus.com.pe/cdn-cgi/l/email-protection.html]
[www.tottus.com.pe/tiendas-cercanas.html]
[www.tottus.com.pe/static/images/menu/store.svg]
[www.tottus.com.pe/cdn-cgi/scripts/5c5dd728/cloudflare-static/email-decode.min.js]
[www.tottus.com.pe/preguntas-frecuentes.html]
[www.tottus.com.pe/static/images/menu/help.svg]
[www.tottus.com.pe/static/images/right.svg]
[www.tottus.com.pe/static/images/search-white.svg]
[www.tottus.com.pe/static/images/spinner-green.svg]
[www.tottus.com.pe/static/images/cart/empty-cart.svg]
[images.ctfassets.net/dfhnfm93fvnr/1uJjT6I6jMn3P6sU2TlxeD/85ffe4afbf77c2dad5907fdc61e4af4c/WhatsApp_Image_2022-03-09_at_6.42.42_PMdc74.jpg]
[images.ctfassets.net/dfhnfm93fvnr/4EHXjNZKn3Nfwt3ZwUdCrJ/2cf2e899863bc70976f3d98a9290cf8a/2400x584-FINALde08.jpg]
[images.ctfassets.net/dfhnfm93fvnr/T57aHgxOSGxIqcnHTDRJF/ee725a8e3227ba434da7ed8bc0dcddeb/preview69d9.jpg]
[images.ctfassets.net/dfhnfm93fvnr/ekBeVLK7O6rFQe5jcLTSN/c449cebd670a872ae5ae34da19fe48fa/Artboard_14a6b.png]
[images.ctfassets.net/dfhnfm93fvnr/6tXSHl9RCTLAJPBWtzkwLO/3bf8f7bdeedc43b9c91e7b3a0d088f11/Artboard_1_copy4a6b.png]
[images.ctfassets.net/dfhnfm93fvnr/2AWrAu5PEXvVQb7zq4Ktqw/2307819c3d54cd56a1594755c2414fe5/Artboard_1_copy_24a6b.png]
[www.tottus.com.pe/catalogos-tottus/preciazos.html]
[images.ctfassets.net/dfhnfm93fvnr/519mwdFc6crYerWrMejOOB/353d3151d2092d3478d4e97fd4844662/Artboard_1_copy_34a6b.png]
[www.tottus.com.pe/licores-elimna/c/index0e98.html]
[www.tottus.com.pe/carnes-y-pollos-4010005/c/index0e98.html]
[www.tottus.com.pe/frutas-y-verduras-4010002/c/index0e98.html]
[images.ctfassets.net/dfhnfm93fvnr/4mkPCkowgEojKhR7z0fi6s/d3e1c68af5cd908630b905e5155ed164/Artboard_1_copy_44a6b.png]
[images.ctfassets.net/dfhnfm93fvnr/M7bU9k1xAbgHBUkF1tDvx/835309c7e3571dfd5b45542ed585215f/Artboard_1_copy_54a6b.png]
[images.ctfassets.net/dfhnfm93fvnr/6aeao8e6bUkVpM71JcNgX5/664348d0ffca0f704de6c7e83f2f2282/Artboard_1_copy_64a6b.png]
[www.tottus.com.pe/belleza.html]
[www.tottus.com.pe/mascotas-4010011/c/index0e98.html]
[images.ctfassets.net/dfhnfm93fvnr/3CD3id2wusZ5WMdOYy10eQ/6263b0b3fdff052821a9ba95c483b3b8/Artboard_1_copy_74a6b.png]
[images.ctfassets.net/dfhnfm93fvnr/1cGcmoTqxsykP6VGfuasqT/d579b422cc36a8680af8d1f4180b2c3b/Artboard_1_copy_84a6b.png]
[www.tottus.com.pe/regreso-a-clases.html]
[images.ctfassets.net/dfhnfm93fvnr/XCnCbzsb5RJ4dhVOuNB6A/0c19c9cd3ccd2a040192385959bc3632/Artboard_1_copy_94a6b.png]
[www.tottus.com.pe/bebes-y-ninos-ttbebes/c/index0e98.html]
[www.tottus.com.pe/electrodomesticos-ttelectro/c/index69d5.html]
[www.tottus.com.pe/moda-ttmoda/c/index0e98.html]
[images.ctfassets.net/dfhnfm93fvnr/28IUV6h5tFwRL8JbKz4J9D/aec6347eb7ad72d17e3f11c0d8a2a7b2/Artboard_1_copy_104a6b.png]
[images.ctfassets.net/dfhnfm93fvnr/inwzVeaaQ8uR4HfjvgEWH/3e6d7847498e59b5b000d9a14757d831/Artboard_1_copy_114a6b.png]
[www.tottus.com.pe/catalogos.html]
[assets.ctfassets.net/dfhnfm93fvnr/EgLZ2wfmsgAt0Liu1RmxF/3c56b5bd4e30c8790fb110912fd904be/content_updated_20210817.css]
[www.tottus.com.pe/hogar-tthogar/c/index0e98.html]
[www.tottus.com.pe/juguetes3342561/c/index0e98.html]
[www.tottus.com.pe/_next/static/myyQvbTFd-wbSLJMF2LAf/pages/product.js]
[www.tottus.com.pe/_next/static/chunks/5ab39f47.733441f6b43d89576c7c.js]
[www.tottus.com.pe/_next/static/chunks/57ac3532821e11eef77a71845fb12a23a1003671.daa5651026a3737d8d59.js]
[www.tottus.com.pe/_next/static/chunks/82c5f646a8b9f26ec3e08b8bf2ad9f7c9c94c1a7.b110bccd38f9a290db4a.js]
[www.tottus.com.pe/static/images/categories/category-back.svg]
[www.tottus.com.pe/static/images/arrow-down-white.svg]
[www.tottus.com.pe/static/images/products/divider.svg]
[e39a9f00db6c5bc097f9-75bc5dce1d64f93372e7c97ed35869cb.ssl.cf1.rackcdn.com/42502055-cYXSMttG.jpg]
[e39a9f00db6c5bc097f9-75bc5dce1d64f93372e7c97ed35869cb.ssl.cf1.rackcdn.com/42502055-cYXSMttG-thumb.jpg]
[www.tottus.com.pe/supermercado-ttsuper/c/index69d5.html]
[www.tottus.com.pe/static/images/Store_Delivery_Active.svg]
[www.tottus.com.pe/static/images/Home_Delivery_Active.svg]
[www.tottus.com.pe/corona-cerveza-corona-extra-lata-355ml-x-6und-42502055/p/index.html]
[www.tottus.com.pe/static/images/Grey_Arrow_Right.svg]
[e39a9f00db6c5bc097f9-75bc5dce1d64f93372e7c97ed35869cb.ssl.cf1.rackcdn.com/40619680_1-r06qfi7m.jpg]
[www.tottus.com.pe/deportes-ttdeportes/c/index0e98.html]
[e39a9f00db6c5bc097f9-75bc5dce1d64f93372e7c97ed35869cb.ssl.cf1.rackcdn.com/40619680_2-oI_-iEoY.jpg]
[e39a9f00db6c5bc097f9-75bc5dce1d64f93372e7c97ed35869cb.ssl.cf1.rackcdn.com/40619680_2-oI_-iEoY-thumb.jpg]
[e39a9f00db6c5bc097f9-75bc5dce1d64f93372e7c97ed35869cb.ssl.cf1.rackcdn.com/40619680_1-r06qfi7m-thumb.jpg]
[www.tottus.com.pe/static/images/categories/previous.svg]
[www.tottus.com.pe/corona-cerveza-207-ml-40619680/p/index.html]
[www.tottus.com.pe/huggiescontent/c/index0e98.html]
[www.tottus.com.pe/static/images/categories/next.svg]
[www.tottus.com.pe/shampoo-huggies1/c/index0e98.html]
[www.tottus.com.pe/tu-cmr-onlinefb9e.html]
[www.tottus.com.pe/shampoo-huggies1/c/index.html]
[www.tottus.com.pe/huggiescontent/c/index.html]
[www.tottus.com.pe/cyber-octubre21/c/index69d5.html]
[www.tottus.com.pe/_next/static/myyQvbTFd-wbSLJMF2LAf/pages/productsList.js]
[www.tottus.com.pe/_next/static/chunks/43122e6751a6e40e441b7929cbd6268b5aa742e8.0e1e539e7ac5df2d3743.js]
[www.tottus.com.pe/_next/static/chunks/322252430f47ae206061b80a3447d7819682f0e9.ffa3194f3a4fbeb590cd.js]
[www.tottus.com.pe/todo-arbol-navw/c/index.html]
[www.tottus.com.pe/_next/static/chunks/dfd9174e70d728ffadef819fd12e398331758e1f.40491d866e13b7057c34.js]
[www.tottus.com.pe/static/images/chevron-left.svg]
[www.tottus.com.pe/static/images/chevron-right.svg]
[www.tottus.com.pe/static/images/categories/no-filters.svg]
[www.tottus.com.pe/static/images/categories/Filter_Icon.svg]
[www.tottus.com.pe/static/images/categories/Order_Arrows_Icon.svg]
[www.tottus.com.pe/static/images/rectangle-brown.svg]
[www.tottus.com.pe/navidad-w/c/index0e98.html]
[e39a9f00db6c5bc097f9-75bc5dce1d64f93372e7c97ed35869cb.ssl.cf1.rackcdn.com/42096159_1-Aqg8RuqW.jpg]
[e39a9f00db6c5bc097f9-75bc5dce1d64f93372e7c97ed35869cb.ssl.cf1.rackcdn.com/42686154_1-DmiLL0vR.jpg]
[e39a9f00db6c5bc097f9-75bc5dce1d64f93372e7c97ed35869cb.ssl.cf1.rackcdn.com/42686154_6-iPkycrGz.jpg]
[e39a9f00db6c5bc097f9-75bc5dce1d64f93372e7c97ed35869cb.ssl.cf1.rackcdn.com/42686154_5-NbIdC73k.jpg]
[e39a9f00db6c5bc097f9-75bc5dce1d64f93372e7c97ed35869cb.ssl.cf1.rackcdn.com/42686154_4-VWcKXTlV.jpg]
[e39a9f00db6c5bc097f9-75bc5dce1d64f93372e7c97ed35869cb.ssl.cf1.rackcdn.com/42686154_3-dUIAq61s.jpg]
[e39a9f00db6c5bc097f9-75bc5dce1d64f93372e7c97ed35869cb.ssl.cf1.rackcdn.com/42686154_8-vOYQKUma.jpg]
[e39a9f00db6c5bc097f9-75bc5dce1d64f93372e7c97ed35869cb.ssl.cf1.rackcdn.com/42686152_1-tlgNyGvH.jpg]
[e39a9f00db6c5bc097f9-75bc5dce1d64f93372e7c97ed35869cb.ssl.cf1.rackcdn.com/42686152_6-ZvE1S80r.jpg]
[e39a9f00db6c5bc097f9-75bc5dce1d64f93372e7c97ed35869cb.ssl.cf1.rackcdn.com/42686152_5-c-yirlT7.jpg]
[e39a9f00db6c5bc097f9-75bc5dce1d64f93372e7c97ed35869cb.ssl.cf1.rackcdn.com/42686152_4-2QQ6EaCz.jpg]
[e39a9f00db6c5bc097f9-75bc5dce1d64f93372e7c97ed35869cb.ssl.cf1.rackcdn.com/42686152_3-C6MUafJM.jpg]
[e39a9f00db6c5bc097f9-75bc5dce1d64f93372e7c97ed35869cb.ssl.cf1.rackcdn.com/42686152_8-73CUt36B.jpg]
[e39a9f00db6c5bc097f9-75bc5dce1d64f93372e7c97ed35869cb.ssl.cf1.rackcdn.com/42686153_1-3hpz6Q5a.jpg]
[e39a9f00db6c5bc097f9-75bc5dce1d64f93372e7c97ed35869cb.ssl.cf1.rackcdn.com/42686153_4-vFgpAwfA.jpg]
[e39a9f00db6c5bc097f9-75bc5dce1d64f93372e7c97ed35869cb.ssl.cf1.rackcdn.com/42686153_3-eFjlaIuF.jpg]
[e39a9f00db6c5bc097f9-75bc5dce1d64f93372e7c97ed35869cb.ssl.cf1.rackcdn.com/42686153_6-QmvF8eTJ.jpg]
[e39a9f00db6c5bc097f9-75bc5dce1d64f93372e7c97ed35869cb.ssl.cf1.rackcdn.com/42686153_5-XdiBcXp2.jpg]
[e39a9f00db6c5bc097f9-75bc5dce1d64f93372e7c97ed35869cb.ssl.cf1.rackcdn.com/42686153_8-9yeSFNfT.jpg]
[e39a9f00db6c5bc097f9-75bc5dce1d64f93372e7c97ed35869cb.ssl.cf1.rackcdn.com/42399521_2-ZQfFkfTI.jpg]
[e39a9f00db6c5bc097f9-75bc5dce1d64f93372e7c97ed35869cb.ssl.cf1.rackcdn.com/42399521_3-QwkeLfRA.jpg]
[e39a9f00db6c5bc097f9-75bc5dce1d64f93372e7c97ed35869cb.ssl.cf1.rackcdn.com/42399521_4-UDRwnO2g.jpg]
[e39a9f00db6c5bc097f9-75bc5dce1d64f93372e7c97ed35869cb.ssl.cf1.rackcdn.com/42399521_5-HxJjwriN.jpg]
[www.tottus.com.pe/decoracion-navw/c/index0e98.html]
[e39a9f00db6c5bc097f9-75bc5dce1d64f93372e7c97ed35869cb.ssl.cf1.rackcdn.com/42399522_2-cCOAm298.jpg]
[e39a9f00db6c5bc097f9-75bc5dce1d64f93372e7c97ed35869cb.ssl.cf1.rackcdn.com/42399522_3-qUtIDeya.jpg]
[e39a9f00db6c5bc097f9-75bc5dce1d64f93372e7c97ed35869cb.ssl.cf1.rackcdn.com/42399522_4-s7Zi_b9x.jpg]
[e39a9f00db6c5bc097f9-75bc5dce1d64f93372e7c97ed35869cb.ssl.cf1.rackcdn.com/42399522_5-83Rx1Wv3.jpg]
[e39a9f00db6c5bc097f9-75bc5dce1d64f93372e7c97ed35869cb.ssl.cf1.rackcdn.com/42686215_2-iJqoGkVu.jpg]
[e39a9f00db6c5bc097f9-75bc5dce1d64f93372e7c97ed35869cb.ssl.cf1.rackcdn.com/42686215_3-nMNVweVA.jpg]
[e39a9f00db6c5bc097f9-75bc5dce1d64f93372e7c97ed35869cb.ssl.cf1.rackcdn.com/41886192_2-XFgeMm8H.jpg]
[e39a9f00db6c5bc097f9-75bc5dce1d64f93372e7c97ed35869cb.ssl.cf1.rackcdn.com/41886192_1-RGgd7eco.jpg]
[e39a9f00db6c5bc097f9-75bc5dce1d64f93372e7c97ed35869cb.ssl.cf1.rackcdn.com/41886193_2-ymaHiyB7.jpg]
[e39a9f00db6c5bc097f9-75bc5dce1d64f93372e7c97ed35869cb.ssl.cf1.rackcdn.com/41886193_1-XL0XL8tt.jpg]
[e39a9f00db6c5bc097f9-75bc5dce1d64f93372e7c97ed35869cb.ssl.cf1.rackcdn.com/42399588_2-BWts_YwX.jpg]
[e39a9f00db6c5bc097f9-75bc5dce1d64f93372e7c97ed35869cb.ssl.cf1.rackcdn.com/42399588_1-7xOJh6wu.jpg]
[e39a9f00db6c5bc097f9-75bc5dce1d64f93372e7c97ed35869cb.ssl.cf1.rackcdn.com/42399587_2-VZLZqW-w.jpg]
[e39a9f00db6c5bc097f9-75bc5dce1d64f93372e7c97ed35869cb.ssl.cf1.rackcdn.com/42399587_1-PW4htlWG.jpg]
[e39a9f00db6c5bc097f9-75bc5dce1d64f93372e7c97ed35869cb.ssl.cf1.rackcdn.com/42399538_1-Cd1RN-fA.jpg]
[e39a9f00db6c5bc097f9-75bc5dce1d64f93372e7c97ed35869cb.ssl.cf1.rackcdn.com/42399538_1-XXhQcjPC.jpg]
[e39a9f00db6c5bc097f9-75bc5dce1d64f93372e7c97ed35869cb.ssl.cf1.rackcdn.com/42399540_1-h1BahBMt.jpg]
[e39a9f00db6c5bc097f9-75bc5dce1d64f93372e7c97ed35869cb.ssl.cf1.rackcdn.com/42399540_1-hr2V42aE.jpg]
[e39a9f00db6c5bc097f9-75bc5dce1d64f93372e7c97ed35869cb.ssl.cf1.rackcdn.com/42096151-ekQYA2Ec.jpg]
[e39a9f00db6c5bc097f9-75bc5dce1d64f93372e7c97ed35869cb.ssl.cf1.rackcdn.com/42096151-qP388ds2.jpg]
[e39a9f00db6c5bc097f9-75bc5dce1d64f93372e7c97ed35869cb.ssl.cf1.rackcdn.com/42399543_1-SJ1jxngU.jpg]
[e39a9f00db6c5bc097f9-75bc5dce1d64f93372e7c97ed35869cb.ssl.cf1.rackcdn.com/42399543_1-URaAe_QB.jpg]
[www.tottus.com.pe/todo-arbol-navw/c/index0e98.html]
[e39a9f00db6c5bc097f9-75bc5dce1d64f93372e7c97ed35869cb.ssl.cf1.rackcdn.com/42671034_2-1nIKHESu.jpg]
[e39a9f00db6c5bc097f9-75bc5dce1d64f93372e7c97ed35869cb.ssl.cf1.rackcdn.com/42671034_3-k84p_Ryn.jpg]
[e39a9f00db6c5bc097f9-75bc5dce1d64f93372e7c97ed35869cb.ssl.cf1.rackcdn.com/42671034_4-fC0cIOyK.jpg]
[e39a9f00db6c5bc097f9-75bc5dce1d64f93372e7c97ed35869cb.ssl.cf1.rackcdn.com/42671034_6-et1ABvfh.jpg]
[e39a9f00db6c5bc097f9-75bc5dce1d64f93372e7c97ed35869cb.ssl.cf1.rackcdn.com/img-IfXuT7Qp.jpg]
[e39a9f00db6c5bc097f9-75bc5dce1d64f93372e7c97ed35869cb.ssl.cf1.rackcdn.com/42102459-1-sXJcdE8A.jpg]
[e39a9f00db6c5bc097f9-75bc5dce1d64f93372e7c97ed35869cb.ssl.cf1.rackcdn.com/42102459-3-Hh9cSN8r.jpg]
[www.tottus.com.pe/juguetes-navidenos/c/index0e98.html]
[e39a9f00db6c5bc097f9-75bc5dce1d64f93372e7c97ed35869cb.ssl.cf1.rackcdn.com/42102459-4-wtpF31SZ.jpg]
[e39a9f00db6c5bc097f9-75bc5dce1d64f93372e7c97ed35869cb.ssl.cf1.rackcdn.com/42102459-5--68jW8--.jpg]
[e39a9f00db6c5bc097f9-75bc5dce1d64f93372e7c97ed35869cb.ssl.cf1.rackcdn.com/42102459-6-yh79mGmu.jpg]
[e39a9f00db6c5bc097f9-75bc5dce1d64f93372e7c97ed35869cb.ssl.cf1.rackcdn.com/42449624_1-df0zeh7e.jpg]
[e39a9f00db6c5bc097f9-75bc5dce1d64f93372e7c97ed35869cb.ssl.cf1.rackcdn.com/42449624_4-3eAg6GgO.jpg]
[e39a9f00db6c5bc097f9-75bc5dce1d64f93372e7c97ed35869cb.ssl.cf1.rackcdn.com/42449624_3-k86QiTpH.jpg]
[e39a9f00db6c5bc097f9-75bc5dce1d64f93372e7c97ed35869cb.ssl.cf1.rackcdn.com/42449624_5-Cz2FtsGt.jpg]
[e39a9f00db6c5bc097f9-75bc5dce1d64f93372e7c97ed35869cb.ssl.cf1.rackcdn.com/42355991_2-qzQ6kjuw.jpg]
[e39a9f00db6c5bc097f9-75bc5dce1d64f93372e7c97ed35869cb.ssl.cf1.rackcdn.com/42355991_3-C3_5q8VL.jpg]
[e39a9f00db6c5bc097f9-75bc5dce1d64f93372e7c97ed35869cb.ssl.cf1.rackcdn.com/42355991_4-BSgV5VaQ.jpg]
[www.tottus.com.pe/autos-pistas-5010014/c/index.html]
[e39a9f00db6c5bc097f9-75bc5dce1d64f93372e7c97ed35869cb.ssl.cf1.rackcdn.com/42102456-1-ePkkrFdW.jpg]
[e39a9f00db6c5bc097f9-75bc5dce1d64f93372e7c97ed35869cb.ssl.cf1.rackcdn.com/42102456-2-jLYrFH75.jpg]
[e39a9f00db6c5bc097f9-75bc5dce1d64f93372e7c97ed35869cb.ssl.cf1.rackcdn.com/42102456-3-BryglB1r.jpg]
[www.tottus.com.pe/autos-pistas-5010014/c/index0e98.html]
[www.tottus.com.pe/buscar3ea9.html]
[www.tottus.com.pe/televisores-5010024/c/index0e98.html]
[www.tottus.com.pe/carnes-parrilleras23/c/index0e98.html]
[www.tottus.com.pe/medicasp-medicasp-sh-1-400ml-42816456/p/index.html]
[www.tottus.com.pe/florida-florida-filete-atun-agua-110k-12pack-150gr-42859523/p/index.html]
[www.tottus.com.pe/buscar1e57.html]
[www.tottus.com.pe/schick23/c/index0e98.html]
[www.tottus.com.pe/buscar93b8.html]
[www.tottus.com.pe/ayudin-detergente-liquido-ayudin-limon-41441088/p/index.html]
[www.tottus.com.pe/laptops-5010225/c/index0e98.html]
[www.tottus.com.pe/samsung-galaxy-a23-128gb-4gb-negro-42736954/p/index.html]
[www.tottus.com.pe/casa-joven-juego-de-ollas-x-12-piezas-de-acero-inoxidable-41618837/p/index.html]
[www.tottus.com.pe/buscar84a1.html]
[www.tottus.com.pe/buscara4ab.html]
[www.tottus.com.pe/samsung-lavadora-13-kg-inverter-negra-42668698/p/index.html]
[www.tottus.com.pe/samsung-microondas-32l-black-edition---ms32j5133ag-41696411/p/index.html]
[www.tottus.com.pe/marcas-destacadas-5010023/c/indexf8cf.html]
[www.tottus.com.pe/decoracion-navw/c/indexe1e7.html]
[www.tottus.com.pe/decoracion-navw/c/indexd507.html]
[www.tottus.com.pe/menaje-navw/c/index0e98.html]
[www.tottus.com.pe/adornos-navw/c/index0e98.html]
[www.tottus.com.pe/compra-segura.html]
[www.tottus.com.pe/politicas-privacidad.html]
[www.tottus.com.pe/politicas-cookies.html]
[www.tottus.com.pe/terminos-condiciones.html]
[www.tottus.com.pe/legales.html]
[www.tottus.com.pe/venta-empresa.html]
[www.tottus.com.pe/quienes-somos.html]
[www.tottus.com.pe/responde-nuestra-encuesta.html]
[www.tottus.com.pe/ganadores.html]
[www.tottus.com.pe/bases-encuesta.html]
[www.tottus.com.pe/cyber-wow.html]
[www.tottus.com.pe/medida-cautelar-indecopi-panetones.html]
[www.tottus.com.pe/medida-cautelar-indecopi-helados.html]
[www.tottus.com.pe/static/images/footer/phone.svg]
[www.tottus.com.pe/static/images/footer/whatsapp.svg]
[www.tottus.com.pe/libro-de-reclamaciones.html]
[www.tottus.com.pe/static/images/footer/cmr-card.svg]
[www.tottus.com.pe/static/images/footer/master-card.svg]
[www.tottus.com.pe/static/images/footer/social-facebook.svg]
[www.tottus.com.pe/static/images/footer/social-twitter.svg]
[www.tottus.com.pe/static/images/footer/social-youtube.svg]
[www.tottus.com.pe/static/images/footer/social-instagram.svg]
[www.tottus.com.pe/static/images/find-store.svg]
[www.tottus.com.pe/cdn-cgi/l/email-protection.html]
[www.tottus.com.pe/catalogos-tottus/preciazos.html]
[www.tottus.com.pe/licores-elimna/c/index0e98.html]
[www.tottus.com.pe/carnes-y-pollos-4010005/c/index0e98.html]
[www.tottus.com.pe/frutas-y-verduras-4010002/c/index0e98.html]
[www.tottus.com.pe/bebes-y-ninos-ttbebes/c/index0e98.html]
[www.tottus.com.pe/belleza.html]
